command=先导航到目标点，进一步的执行避障任务，躲避障碍物并保持航行安全
mode=execute

[step 100] task=navigation model=navigation nearest_obs=10.00 goal=[17.0, 44.0, -295.0] position=[63.79999923706055, 66.9000015258789, -290.20001220703125] distance=52.3 speed=1.156
[step 200] task=navigation model=navigation nearest_obs=10.00 goal=[17.0, 44.0, -295.0] position=[63.400001525878906, 66.69999694824219, -290.79998779296875] distance=51.8 speed=1.837
[step 300] task=navigation model=navigation nearest_obs=10.00 goal=[17.0, 44.0, -295.0] position=[62.79999923706055, 66.5, -291.5] distance=51.1 speed=1.395
[step 400] task=navigation model=navigation nearest_obs=10.00 goal=[17.0, 44.0, -295.0] position=[62.29999923706055, 66.0999984741211, -291.6000061035156] distance=50.5 speed=1.350
[step 500] task=navigation model=navigation nearest_obs=10.00 goal=[17.0, 44.0, -295.0] position=[61.599998474121094, 65.5999984741211, -291.6000061035156] distance=49.7 speed=1.607
[step 600] task=navigation model=navigation nearest_obs=10.00 goal=[17.0, 44.0, -295.0] position=[60.900001525878906, 65.30000305175781, -291.70001220703125] distance=48.9 speed=1.726
[step 700] task=navigation model=navigation nearest_obs=10.00 goal=[17.0, 44.0, -295.0] position=[60.0, 65.0, -291.79998779296875] distance=48.0 speed=1.763
[step 800] task=navigation model=navigation nearest_obs=10.00 goal=[17.0, 44.0, -295.0] position=[59.20000076293945, 64.80000305175781, -291.8999938964844] distance=47.1 speed=1.803
[step 900] task=navigation model=navigation nearest_obs=10.00 goal=[17.0, 44.0, -295.0] position=[58.29999923706055, 64.5999984741211, -292.1000061035156] distance=46.3 speed=1.820
[step 1000] task=navigation model=navigation nearest_obs=10.00 goal=[17.0, 44.0, -295.0] position=[57.400001525878906, 64.4000015258789, -292.20001220703125] distance=45.4 speed=1.848
[step 1100] task=navigation model=navigation nearest_obs=10.00 goal=[17.0, 44.0, -295.0] position=[56.5, 64.19999694824219, -292.29998779296875] distance=44.5 speed=1.895
[step 1200] task=navigation model=navigation nearest_obs=10.00 goal=[17.0, 44.0, -295.0] position=[55.599998474121094, 64.0, -292.5] distance=43.5 speed=1.939
[step 1300] task=navigation model=navigation nearest_obs=10.00 goal=[17.0, 44.0, -295.0] position=[54.70000076293945, 63.70000076293945, -292.6000061035156] distance=42.6 speed=1.979
[step 1400] task=navigation model=navigation nearest_obs=10.00 goal=[17.0, 44.0, -295.0] position=[53.79999923706055, 63.29999923706055, -292.79998779296875] distance=41.6 speed=2.036
[step 1500] task=navigation model=navigation nearest_obs=10.00 goal=[17.0, 44.0, -295.0] position=[52.79999923706055, 62.900001525878906, -293.0] distance=40.6 speed=2.114
[step 1600] task=navigation model=navigation nearest_obs=10.00 goal=[17.0, 44.0, -295.0] position=[51.900001525878906, 62.5, -293.1000061035156] distance=39.5 speed=2.164
[step 1700] task=navigation model=navigation nearest_obs=10.00 goal=[17.0, 44.0, -295.0] position=[50.900001525878906, 61.900001525878906, -293.29998779296875] distance=38.4 speed=2.174
[step 1800] task=navigation model=navigation nearest_obs=10.00 goal=[17.0, 44.0, -295.0] position=[50.0, 61.400001525878906, -293.3999938964844] distance=37.3 speed=2.172
[step 1900] task=navigation model=navigation nearest_obs=10.00 goal=[17.0, 44.0, -295.0] position=[49.099998474121094, 60.79999923706055, -293.6000061035156] distance=36.3 speed=2.173
[step 2000] task=navigation model=navigation nearest_obs=10.00 goal=[17.0, 44.0, -295.0] position=[48.20000076293945, 60.29999923706055, -293.70001220703125] distance=35.2 speed=2.176
[step 2100] task=navigation model=navigation nearest_obs=10.00 goal=[17.0, 44.0, -295.0] position=[47.29999923706055, 59.70000076293945, -293.8999938964844] distance=34.1 speed=2.174
[step 2200] task=navigation model=navigation nearest_obs=10.00 goal=[17.0, 44.0, -295.0] position=[46.29999923706055, 59.099998474121094, -294.0] distance=33.0 speed=2.167
[step 2300] task=navigation model=navigation nearest_obs=10.00 goal=[17.0, 44.0, -295.0] position=[45.400001525878906, 58.5, -294.20001220703125] distance=31.9 speed=2.160
[step 2400] task=navigation model=navigation nearest_obs=10.00 goal=[17.0, 44.0, -295.0] position=[44.5, 57.900001525878906, -294.29998779296875] distance=30.9 speed=2.183
[step 2500] task=navigation model=navigation nearest_obs=10.00 goal=[17.0, 44.0, -295.0] position=[43.599998474121094, 57.400001525878906, -294.5] distance=29.8 speed=2.198
[step 2600] task=navigation model=navigation nearest_obs=10.00 goal=[17.0, 44.0, -295.0] position=[42.70000076293945, 56.79999923706055, -294.6000061035156] distance=28.7 speed=2.210
[step 2700] task=navigation model=navigation nearest_obs=10.00 goal=[17.0, 44.0, -295.0] position=[41.70000076293945, 56.29999923706055, -294.79998779296875] distance=27.6 speed=2.219
[step 2800] task=navigation model=navigation nearest_obs=10.00 goal=[17.0, 44.0, -295.0] position=[40.79999923706055, 55.70000076293945, -295.0] distance=26.5 speed=2.227
[step 2900] task=navigation model=navigation nearest_obs=10.00 goal=[17.0, 44.0, -295.0] position=[39.79999923706055, 55.20000076293945, -295.20001220703125] distance=25.4 speed=2.236
[step 3000] task=navigation model=navigation nearest_obs=10.00 goal=[17.0, 44.0, -295.0] position=[38.900001525878906, 54.599998474121094, -295.29998779296875] distance=24.3 speed=2.242
[step 3100] task=navigation model=navigation nearest_obs=10.00 goal=[17.0, 44.0, -295.0] position=[37.900001525878906, 54.099998474121094, -295.5] distance=23.2 speed=2.244
[step 3200] task=navigation model=navigation nearest_obs=10.00 goal=[17.0, 44.0, -295.0] position=[36.900001525878906, 53.5, -295.70001220703125] distance=22.1 speed=2.244
[step 3300] task=navigation model=navigation nearest_obs=10.00 goal=[17.0, 44.0, -295.0] position=[36.0, 53.0, -295.8999938964844] distance=21.0 speed=2.244
[step 3400] task=navigation model=navigation nearest_obs=10.00 goal=[17.0, 44.0, -295.0] position=[35.0, 52.5, -296.0] distance=19.9 speed=2.238
[step 3500] task=navigation model=navigation nearest_obs=10.00 goal=[17.0, 44.0, -295.0] position=[34.0, 52.0, -296.20001220703125] distance=18.8 speed=2.229
[step 3600] task=navigation model=navigation nearest_obs=10.00 goal=[17.0, 44.0, -295.0] position=[33.0, 51.5, -296.29998779296875] distance=17.7 speed=2.217
[step 3700] task=navigation model=navigation nearest_obs=10.00 goal=[17.0, 44.0, -295.0] position=[32.0, 51.0, -296.3999938964844] distance=16.6 speed=2.196
[step 3800] task=navigation model=navigation nearest_obs=10.00 goal=[17.0, 44.0, -295.0] position=[31.0, 50.599998474121094, -296.5] distance=15.6 speed=2.181
[step 3900] task=navigation model=navigation nearest_obs=10.00 goal=[17.0, 44.0, -295.0] position=[30.0, 50.099998474121094, -296.6000061035156] distance=14.5 speed=2.198
[step 4000] task=navigation model=navigation nearest_obs=10.00 goal=[17.0, 44.0, -295.0] position=[29.100000381469727, 49.599998474121094, -296.5] distance=13.4 speed=2.210
[step 4100] task=navigation model=navigation nearest_obs=10.00 goal=[17.0, 44.0, -295.0] position=[28.100000381469727, 49.099998474121094, -296.5] distance=12.3 speed=2.217
[step 4200] task=navigation model=navigation nearest_obs=10.00 goal=[17.0, 44.0, -295.0] position=[27.100000381469727, 48.599998474121094, -296.3999938964844] distance=11.2 speed=2.222
[step 4300] task=navigation model=navigation nearest_obs=10.00 goal=[17.0, 44.0, -295.0] position=[26.100000381469727, 48.099998474121094, -296.29998779296875] distance=10.1 speed=2.225
[step 4400] task=navigation model=navigation nearest_obs=10.00 goal=[17.0, 44.0, -295.0] position=[25.100000381469727, 47.599998474121094, -296.29998779296875] distance=9.0 speed=2.228
[step 4500] task=navigation model=navigation nearest_obs=10.00 goal=[17.0, 44.0, -295.0] position=[24.100000381469727, 47.099998474121094, -296.20001220703125] distance=7.8 speed=2.232
[step 4600] task=navigation model=navigation nearest_obs=10.00 goal=[17.0, 44.0, -295.0] position=[23.100000381469727, 46.599998474121094, -296.0] distance=6.7 speed=2.238
[step 4700] task=navigation model=navigation nearest_obs=10.00 goal=[17.0, 44.0, -295.0] position=[22.100000381469727, 46.099998474121094, -295.8999938964844] distance=5.6 speed=2.230
[step 4800] task=navigation model=navigation nearest_obs=10.00 goal=[17.0, 44.0, -295.0] position=[21.200000762939453, 45.599998474121094, -295.70001220703125] distance=4.5 speed=2.178
[step 4900] task=navigation model=navigation nearest_obs=10.00 goal=[17.0, 44.0, -295.0] position=[20.299999237060547, 45.099998474121094, -295.6000061035156] distance=3.5 speed=2.062
[step 5000] task=navigation model=navigation nearest_obs=10.00 goal=[17.0, 44.0, -295.0] position=[19.399999618530273, 44.5, -295.3999938964844] distance=2.5 speed=1.995
[step 5100] task=navigation model=navigation nearest_obs=10.00 goal=[17.0, 44.0, -295.0] position=[18.600000381469727, 43.900001525878906, -295.20001220703125] distance=1.7 speed=1.898
[step 5200] task=navigation model=navigation nearest_obs=10.00 goal=[17.0, 44.0, -295.0] position=[17.899999618530273, 43.400001525878906, -295.0] distance=1.1 speed=1.817
navigation done | goal_pos=[17.0, 44.0, -295.0] | cur_pos=[17.791000366210938, 43.393001556396484, -294.9960021972656] | delta_d=0.997 | conditions=[0]
[handoff] from=navigation to=obstacle_avoidance mode=continuous
[step 5300] task=obstacle_avoidance model=obstacle_avoidance nearest_obs=10.00 goal=[32.0, -26.0, -297.0] position=[17.100000381469727, 43.099998474121094, -294.79998779296875] distance=70.7 speed=1.722
[step 5400] task=obstacle_avoidance model=obstacle_avoidance nearest_obs=10.00 goal=[32.0, -26.0, -297.0] position=[16.299999237060547, 42.900001525878906, -294.79998779296875] distance=70.7 speed=1.780
[step 5500] task=obstacle_avoidance model=obstacle_avoidance nearest_obs=10.00 goal=[32.0, -26.0, -297.0] position=[15.399999618530273, 42.70000076293945, -295.1000061035156] distance=70.7 speed=2.063
[step 5600] task=obstacle_avoidance model=obstacle_avoidance nearest_obs=10.00 goal=[32.0, -26.0, -297.0] position=[14.699999809265137, 42.5, -295.3999938964844] distance=70.7 speed=1.204
[step 5700] task=obstacle_avoidance model=obstacle_avoidance nearest_obs=10.00 goal=[32.0, -26.0, -297.0] position=[14.399999618530273, 42.099998474121094, -295.6000061035156] distance=70.4 speed=1.388
[step 5800] task=obstacle_avoidance model=obstacle_avoidance nearest_obs=10.00 goal=[32.0, -26.0, -297.0] position=[14.399999618530273, 41.599998474121094, -295.79998779296875] distance=69.9 speed=1.120
[step 5900] task=obstacle_avoidance model=obstacle_avoidance nearest_obs=10.00 goal=[32.0, -26.0, -297.0] position=[14.600000381469727, 41.0, -296.0] distance=69.2 speed=1.577
[step 6000] task=obstacle_avoidance model=obstacle_avoidance nearest_obs=10.00 goal=[32.0, -26.0, -297.0] position=[14.800000190734863, 40.20000076293945, -296.29998779296875] distance=68.4 speed=1.889
[step 6100] task=obstacle_avoidance model=obstacle_avoidance nearest_obs=10.00 goal=[32.0, -26.0, -297.0] position=[15.0, 39.29999923706055, -296.6000061035156] distance=67.5 speed=2.059
[step 6200] task=obstacle_avoidance model=obstacle_avoidance nearest_obs=10.00 goal=[32.0, -26.0, -297.0] position=[15.100000381469727, 38.29999923706055, -296.79998779296875] distance=66.4 speed=2.109
[step 6300] task=obstacle_avoidance model=obstacle_avoidance nearest_obs=10.00 goal=[32.0, -26.0, -297.0] position=[15.199999809265137, 37.20000076293945, -297.0] distance=65.4 speed=2.122
[step 6400] task=obstacle_avoidance model=obstacle_avoidance nearest_obs=10.00 goal=[32.0, -26.0, -297.0] position=[15.399999618530273, 36.20000076293945, -297.20001220703125] distance=64.4 speed=2.120
[step 6500] task=obstacle_avoidance model=obstacle_avoidance nearest_obs=10.00 goal=[32.0, -26.0, -297.0] position=[15.600000381469727, 35.20000076293945, -297.20001220703125] distance=63.3 speed=2.088
[step 6600] task=obstacle_avoidance model=obstacle_avoidance nearest_obs=9.17 goal=[32.0, -26.0, -297.0] position=[15.899999618530273, 34.20000076293945, -297.29998779296875] distance=62.3 speed=2.145
[step 6700] task=obstacle_avoidance model=obstacle_avoidance nearest_obs=8.37 goal=[32.0, -26.0, -297.0] position=[16.100000381469727, 33.099998474121094, -297.29998779296875] distance=61.2 speed=2.149
[step 6800] task=obstacle_avoidance model=obstacle_avoidance nearest_obs=7.69 goal=[32.0, -26.0, -297.0] position=[16.399999618530273, 32.099998474121094, -297.1000061035156] distance=60.2 speed=2.126
[step 6900] task=obstacle_avoidance model=obstacle_avoidance nearest_obs=7.28 goal=[32.0, -26.0, -297.0] position=[16.700000762939453, 31.200000762939453, -296.70001220703125] distance=59.2 speed=2.211
[step 7000] task=obstacle_avoidance model=obstacle_avoidance nearest_obs=6.94 goal=[32.0, -26.0, -297.0] position=[17.100000381469727, 30.299999237060547, -296.1000061035156] distance=58.2 speed=2.364
[step 7100] task=obstacle_avoidance model=obstacle_avoidance nearest_obs=6.92 goal=[32.0, -26.0, -297.0] position=[17.5, 29.399999618530273, -295.29998779296875] distance=57.3 speed=2.445
[step 7200] task=obstacle_avoidance model=obstacle_avoidance nearest_obs=6.96 goal=[32.0, -26.0, -297.0] position=[17.799999237060547, 28.5, -294.6000061035156] distance=56.3 speed=2.495
[step 7300] task=obstacle_avoidance model=obstacle_avoidance nearest_obs=6.96 goal=[32.0, -26.0, -297.0] position=[18.200000762939453, 27.5, -293.8999938964844] distance=55.3 speed=2.559
[step 7400] task=obstacle_avoidance model=obstacle_avoidance nearest_obs=7.03 goal=[32.0, -26.0, -297.0] position=[18.5, 26.5, -293.1000061035156] distance=54.4 speed=2.567
[step 7500] task=obstacle_avoidance model=obstacle_avoidance nearest_obs=7.10 goal=[32.0, -26.0, -297.0] position=[18.899999618530273, 25.600000381469727, -292.29998779296875] distance=53.4 speed=2.482
[step 7600] task=obstacle_avoidance model=obstacle_avoidance nearest_obs=7.12 goal=[32.0, -26.0, -297.0] position=[19.200000762939453, 24.700000762939453, -291.6000061035156] distance=52.5 speed=2.284
[step 7700] task=obstacle_avoidance model=obstacle_avoidance nearest_obs=7.05 goal=[32.0, -26.0, -297.0] position=[19.600000381469727, 23.799999237060547, -291.20001220703125] distance=51.6 speed=1.988
[step 7800] task=obstacle_avoidance model=obstacle_avoidance nearest_obs=6.79 goal=[32.0, -26.0, -297.0] position=[20.0, 22.899999618530273, -290.8999938964844] distance=50.8 speed=1.989
[step 7900] task=obstacle_avoidance model=obstacle_avoidance nearest_obs=6.50 goal=[32.0, -26.0, -297.0] position=[20.399999618530273, 22.100000381469727, -290.5] distance=49.9 speed=2.004
[step 8000] task=obstacle_avoidance model=obstacle_avoidance nearest_obs=5.99 goal=[32.0, -26.0, -297.0] position=[20.899999618530273, 21.299999237060547, -290.20001220703125] distance=49.1 speed=1.968
[step 8100] task=obstacle_avoidance model=obstacle_avoidance nearest_obs=5.53 goal=[32.0, -26.0, -297.0] position=[21.299999237060547, 20.5, -289.70001220703125] distance=48.3 speed=2.039
[step 8200] task=obstacle_avoidance model=obstacle_avoidance nearest_obs=5.13 goal=[32.0, -26.0, -297.0] position=[21.799999237060547, 19.799999237060547, -289.20001220703125] distance=47.5 speed=2.136
[step 8300] task=obstacle_avoidance model=obstacle_avoidance nearest_obs=4.79 goal=[32.0, -26.0, -297.0] position=[22.200000762939453, 19.0, -288.5] distance=46.8 speed=2.283
[step 8400] task=obstacle_avoidance model=obstacle_avoidance nearest_obs=4.54 goal=[32.0, -26.0, -297.0] position=[22.700000762939453, 18.299999237060547, -287.79998779296875] distance=46.2 speed=2.332
[step 8500] task=obstacle_avoidance model=obstacle_avoidance nearest_obs=4.46 goal=[32.0, -26.0, -297.0] position=[23.200000762939453, 17.600000381469727, -287.0] distance=45.6 speed=2.333
[step 8600] task=obstacle_avoidance model=obstacle_avoidance nearest_obs=4.35 goal=[32.0, -26.0, -297.0] position=[23.700000762939453, 16.899999618530273, -286.20001220703125] distance=45.0 speed=2.277
[step 8700] task=obstacle_avoidance model=obstacle_avoidance nearest_obs=4.28 goal=[32.0, -26.0, -297.0] position=[24.200000762939453, 16.200000762939453, -285.5] distance=44.4 speed=2.096
[step 8800] task=obstacle_avoidance model=obstacle_avoidance nearest_obs=4.25 goal=[32.0, -26.0, -297.0] position=[24.700000762939453, 15.5, -284.8999938964844] distance=43.9 speed=1.938
[step 8900] task=obstacle_avoidance model=obstacle_avoidance nearest_obs=4.26 goal=[32.0, -26.0, -297.0] position=[25.100000381469727, 14.800000190734863, -284.6000061035156] distance=43.2 speed=1.757
[step 9000] task=obstacle_avoidance model=obstacle_avoidance nearest_obs=4.16 goal=[32.0, -26.0, -297.0] position=[25.600000381469727, 14.100000381469727, -284.5] distance=42.5 speed=1.703
[step 9100] task=obstacle_avoidance model=obstacle_avoidance nearest_obs=3.98 goal=[32.0, -26.0, -297.0] position=[26.100000381469727, 13.399999618530273, -284.5] distance=41.8 speed=1.738
[step 9200] task=obstacle_avoidance model=obstacle_avoidance nearest_obs=3.74 goal=[32.0, -26.0, -297.0] position=[26.600000381469727, 12.699999809265137, -284.70001220703125] distance=41.0 speed=1.766
[step 9300] task=obstacle_avoidance model=obstacle_avoidance nearest_obs=3.50 goal=[32.0, -26.0, -297.0] position=[27.100000381469727, 12.0, -284.8999938964844] distance=40.2 speed=1.753
[step 9400] task=obstacle_avoidance model=obstacle_avoidance nearest_obs=3.18 goal=[32.0, -26.0, -297.0] position=[27.600000381469727, 11.300000190734863, -285.20001220703125] distance=39.4 speed=1.895
[step 9500] task=obstacle_avoidance model=obstacle_avoidance nearest_obs=2.77 goal=[32.0, -26.0, -297.0] position=[28.0, 10.600000381469727, -285.6000061035156] distance=38.5 speed=1.822
[step 9600] task=obstacle_avoidance model=obstacle_avoidance nearest_obs=2.57 goal=[32.0, -26.0, -297.0] position=[28.5, 9.899999618530273, -285.70001220703125] distance=37.8 speed=1.766
[step 9700] task=obstacle_avoidance model=obstacle_avoidance nearest_obs=2.74 goal=[32.0, -26.0, -297.0] position=[28.899999618530273, 9.100000381469727, -285.29998779296875] distance=37.1 speed=2.095
[step 9800] task=obstacle_avoidance model=obstacle_avoidance nearest_obs=3.29 goal=[32.0, -26.0, -297.0] position=[29.200000762939453, 8.300000190734863, -284.70001220703125] distance=36.5 speed=1.966
[step 9900] task=obstacle_avoidance model=obstacle_avoidance nearest_obs=3.66 goal=[32.0, -26.0, -297.0] position=[29.700000762939453, 7.5, -284.6000061035156] distance=35.8 speed=1.775
[step 10000] task=obstacle_avoidance model=obstacle_avoidance nearest_obs=3.82 goal=[32.0, -26.0, -297.0] position=[30.100000381469727, 6.699999809265137, -284.70001220703125] distance=35.0 speed=1.866
[step 10100] task=obstacle_avoidance model=obstacle_avoidance nearest_obs=3.80 goal=[32.0, -26.0, -297.0] position=[30.5, 5.900000095367432, -285.1000061035156] distance=34.1 speed=2.069
[step 10200] task=obstacle_avoidance model=obstacle_avoidance nearest_obs=3.82 goal=[32.0, -26.0, -297.0] position=[30.799999237060547, 5.099999904632568, -285.70001220703125] distance=33.1 speed=2.194
[step 10300] task=obstacle_avoidance model=obstacle_avoidance nearest_obs=3.62 goal=[32.0, -26.0, -297.0] position=[31.200000762939453, 4.300000190734863, -286.3999938964844] distance=32.2 speed=2.115
[step 10400] task=obstacle_avoidance model=obstacle_avoidance nearest_obs=3.35 goal=[32.0, -26.0, -297.0] position=[31.5, 3.5, -286.79998779296875] distance=31.2 speed=2.033
[step 10500] task=obstacle_avoidance model=obstacle_avoidance nearest_obs=3.17 goal=[32.0, -26.0, -297.0] position=[31.600000381469727, 2.5, -287.1000061035156] distance=30.2 speed=2.070
